[    1202ms] [INFO] %cDownload the React DevTools for a better development experience: https://react.dev/link/react-devtools font-weight:bold @ http://localhost:5173/node_modules/.vite/deps/react-dom_client.js?v=a6386e9b:20102
[    6850ms] [INFO] %cDownload the React DevTools for a better development experience: https://react.dev/link/react-devtools font-weight:bold @ http://localhost:5173/node_modules/.vite/deps/react-dom_client.js?v=a6386e9b:20102
[   20982ms] [VERBOSE] [DOM] Input elements should have autocomplete attributes (suggested: "username"): (More info: https://goo.gl/9p2vKq) %o @ http://localhost:5173/seller/auth:0
[   26295ms] [ERROR] Unable to preventDefault inside passive event listener invocation. @ http://localhost:5173/node_modules/.vite/deps/react-dom_client.js?v=a6386e9b:2703
[   26327ms] [ERROR] Unable to preventDefault inside passive event listener invocation. @ http://localhost:5173/node_modules/.vite/deps/react-dom_client.js?v=a6386e9b:2703
[   26343ms] [ERROR] Unable to preventDefault inside passive event listener invocation. @ http://localhost:5173/node_modules/.vite/deps/react-dom_client.js?v=a6386e9b:2703
[   26360ms] [ERROR] Unable to preventDefault inside passive event listener invocation. @ http://localhost:5173/node_modules/.vite/deps/react-dom_client.js?v=a6386e9b:2703
[   26377ms] [ERROR] Unable to preventDefault inside passive event listener invocation. @ http://localhost:5173/node_modules/.vite/deps/react-dom_client.js?v=a6386e9b:2703
[   26394ms] [ERROR] Unable to preventDefault inside passive event listener invocation. @ http://localhost:5173/node_modules/.vite/deps/react-dom_client.js?v=a6386e9b:2703
[   26410ms] [ERROR] Unable to preventDefault inside passive event listener invocation. @ http://localhost:5173/node_modules/.vite/deps/react-dom_client.js?v=a6386e9b:2703
[   26427ms] [ERROR] Unable to preventDefault inside passive event listener invocation. @ http://localhost:5173/node_modules/.vite/deps/react-dom_client.js?v=a6386e9b:2703
[   26443ms] [ERROR] Unable to preventDefault inside passive event listener invocation. @ http://localhost:5173/node_modules/.vite/deps/react-dom_client.js?v=a6386e9b:2703
[   26460ms] [ERROR] Unable to preventDefault inside passive event listener invocation. @ http://localhost:5173/node_modules/.vite/deps/react-dom_client.js?v=a6386e9b:2703
[   26477ms] [ERROR] Unable to preventDefault inside passive event listener invocation. @ http://localhost:5173/node_modules/.vite/deps/react-dom_client.js?v=a6386e9b:2703
[   26493ms] [ERROR] Unable to preventDefault inside passive event listener invocation. @ http://localhost:5173/node_modules/.vite/deps/react-dom_client.js?v=a6386e9b:2703
[   26510ms] [ERROR] Unable to preventDefault inside passive event listener invocation. @ http://localhost:5173/node_modules/.vite/deps/react-dom_client.js?v=a6386e9b:2703
[   26526ms] [ERROR] Unable to preventDefault inside passive event listener invocation. @ http://localhost:5173/node_modules/.vite/deps/react-dom_client.js?v=a6386e9b:2703
[   26543ms] [ERROR] Unable to preventDefault inside passive event listener invocation. @ http://localhost:5173/node_modules/.vite/deps/react-dom_client.js?v=a6386e9b:2703
[   26560ms] [ERROR] Unable to preventDefault inside passive event listener invocation. @ http://localhost:5173/node_modules/.vite/deps/react-dom_client.js?v=a6386e9b:2703
[   26576ms] [ERROR] Unable to preventDefault inside passive event listener invocation. @ http://localhost:5173/node_modules/.vite/deps/react-dom_client.js?v=a6386e9b:2703
[   26593ms] [ERROR] Unable to preventDefault inside passive event listener invocation. @ http://localhost:5173/node_modules/.vite/deps/react-dom_client.js?v=a6386e9b:2703
[   26626ms] [ERROR] Unable to preventDefault inside passive event listener invocation. @ http://localhost:5173/node_modules/.vite/deps/react-dom_client.js?v=a6386e9b:2703
[   26643ms] [ERROR] Unable to preventDefault inside passive event listener invocation. @ http://localhost:5173/node_modules/.vite/deps/react-dom_client.js?v=a6386e9b:2703
[   26660ms] [ERROR] Unable to preventDefault inside passive event listener invocation. @ http://localhost:5173/node_modules/.vite/deps/react-dom_client.js?v=a6386e9b:2703
[   26676ms] [ERROR] Unable to preventDefault inside passive event listener invocation. @ http://localhost:5173/node_modules/.vite/deps/react-dom_client.js?v=a6386e9b:2703
[   26694ms] [ERROR] Unable to preventDefault inside passive event listener invocation. @ http://localhost:5173/node_modules/.vite/deps/react-dom_client.js?v=a6386e9b:2703
[   26726ms] [ERROR] Unable to preventDefault inside passive event listener invocation. @ http://localhost:5173/node_modules/.vite/deps/react-dom_client.js?v=a6386e9b:2703
[   26743ms] [ERROR] Unable to preventDefault inside passive event listener invocation. @ http://localhost:5173/node_modules/.vite/deps/react-dom_client.js?v=a6386e9b:2703
[   26760ms] [ERROR] Unable to preventDefault inside passive event listener invocation. @ http://localhost:5173/node_modules/.vite/deps/react-dom_client.js?v=a6386e9b:2703
[   26793ms] [ERROR] Unable to preventDefault inside passive event listener invocation. @ http://localhost:5173/node_modules/.vite/deps/react-dom_client.js?v=a6386e9b:2703
[   26827ms] [ERROR] Unable to preventDefault inside passive event listener invocation. @ http://localhost:5173/node_modules/.vite/deps/react-dom_client.js?v=a6386e9b:2703
[   42910ms] [ERROR] Unable to preventDefault inside passive event listener invocation. @ http://localhost:5173/node_modules/.vite/deps/react-dom_client.js?v=a6386e9b:2703
[   42928ms] [ERROR] Unable to preventDefault inside passive event listener invocation. @ http://localhost:5173/node_modules/.vite/deps/react-dom_client.js?v=a6386e9b:2703
[   42960ms] [ERROR] Unable to preventDefault inside passive event listener invocation. @ http://localhost:5173/node_modules/.vite/deps/react-dom_client.js?v=a6386e9b:2703
[   42977ms] [ERROR] Unable to preventDefault inside passive event listener invocation. @ http://localhost:5173/node_modules/.vite/deps/react-dom_client.js?v=a6386e9b:2703
[   42996ms] [ERROR] Unable to preventDefault inside passive event listener invocation. @ http://localhost:5173/node_modules/.vite/deps/react-dom_client.js?v=a6386e9b:2703
[   43012ms] [ERROR] Unable to preventDefault inside passive event listener invocation. @ http://localhost:5173/node_modules/.vite/deps/react-dom_client.js?v=a6386e9b:2703
[   43029ms] [ERROR] Unable to preventDefault inside passive event listener invocation. @ http://localhost:5173/node_modules/.vite/deps/react-dom_client.js?v=a6386e9b:2703
[   43046ms] [ERROR] Unable to preventDefault inside passive event listener invocation. @ http://localhost:5173/node_modules/.vite/deps/react-dom_client.js?v=a6386e9b:2703
[   43063ms] [ERROR] Unable to preventDefault inside passive event listener invocation. @ http://localhost:5173/node_modules/.vite/deps/react-dom_client.js?v=a6386e9b:2703
[   43079ms] [ERROR] Unable to preventDefault inside passive event listener invocation. @ http://localhost:5173/node_modules/.vite/deps/react-dom_client.js?v=a6386e9b:2703
[   43096ms] [ERROR] Unable to preventDefault inside passive event listener invocation. @ http://localhost:5173/node_modules/.vite/deps/react-dom_client.js?v=a6386e9b:2703
[   43112ms] [ERROR] Unable to preventDefault inside passive event listener invocation. @ http://localhost:5173/node_modules/.vite/deps/react-dom_client.js?v=a6386e9b:2703
[   43127ms] [ERROR] Unable to preventDefault inside passive event listener invocation. @ http://localhost:5173/node_modules/.vite/deps/react-dom_client.js?v=a6386e9b:2703
[   43146ms] [ERROR] Unable to preventDefault inside passive event listener invocation. @ http://localhost:5173/node_modules/.vite/deps/react-dom_client.js?v=a6386e9b:2703
[   43162ms] [ERROR] Unable to preventDefault inside passive event listener invocation. @ http://localhost:5173/node_modules/.vite/deps/react-dom_client.js?v=a6386e9b:2703
[   43177ms] [ERROR] Unable to preventDefault inside passive event listener invocation. @ http://localhost:5173/node_modules/.vite/deps/react-dom_client.js?v=a6386e9b:2703
[   43194ms] [ERROR] Unable to preventDefault inside passive event listener invocation. @ http://localhost:5173/node_modules/.vite/deps/react-dom_client.js?v=a6386e9b:2703
[   43210ms] [ERROR] Unable to preventDefault inside passive event listener invocation. @ http://localhost:5173/node_modules/.vite/deps/react-dom_client.js?v=a6386e9b:2703
[   43227ms] [ERROR] Unable to preventDefault inside passive event listener invocation. @ http://localhost:5173/node_modules/.vite/deps/react-dom_client.js?v=a6386e9b:2703
[   43244ms] [ERROR] Unable to preventDefault inside passive event listener invocation. @ http://localhost:5173/node_modules/.vite/deps/react-dom_client.js?v=a6386e9b:2703
[   43260ms] [ERROR] Unable to preventDefault inside passive event listener invocation. @ http://localhost:5173/node_modules/.vite/deps/react-dom_client.js?v=a6386e9b:2703
[   43277ms] [ERROR] Unable to preventDefault inside passive event listener invocation. @ http://localhost:5173/node_modules/.vite/deps/react-dom_client.js?v=a6386e9b:2703
[   43294ms] [ERROR] Unable to preventDefault inside passive event listener invocation. @ http://localhost:5173/node_modules/.vite/deps/react-dom_client.js?v=a6386e9b:2703
[   43312ms] [ERROR] Unable to preventDefault inside passive event listener invocation. @ http://localhost:5173/node_modules/.vite/deps/react-dom_client.js?v=a6386e9b:2703
[   43344ms] [ERROR] Unable to preventDefault inside passive event listener invocation. @ http://localhost:5173/node_modules/.vite/deps/react-dom_client.js?v=a6386e9b:2703
[   43362ms] [ERROR] Unable to preventDefault inside passive event listener invocation. @ http://localhost:5173/node_modules/.vite/deps/react-dom_client.js?v=a6386e9b:2703
[   43411ms] [ERROR] Unable to preventDefault inside passive event listener invocation. @ http://localhost:5173/node_modules/.vite/deps/react-dom_client.js?v=a6386e9b:2703
[   43478ms] [ERROR] Unable to preventDefault inside passive event listener invocation. @ http://localhost:5173/node_modules/.vite/deps/react-dom_client.js?v=a6386e9b:2703
[   43528ms] [ERROR] Unable to preventDefault inside passive event listener invocation. @ http://localhost:5173/node_modules/.vite/deps/react-dom_client.js?v=a6386e9b:2703
[   44044ms] [ERROR] Unable to preventDefault inside passive event listener invocation. @ http://localhost:5173/node_modules/.vite/deps/react-dom_client.js?v=a6386e9b:2703
[   44062ms] [ERROR] Unable to preventDefault inside passive event listener invocation. @ http://localhost:5173/node_modules/.vite/deps/react-dom_client.js?v=a6386e9b:2703
[   44077ms] [ERROR] Unable to preventDefault inside passive event listener invocation. @ http://localhost:5173/node_modules/.vite/deps/react-dom_client.js?v=a6386e9b:2703
[   44095ms] [ERROR] Unable to preventDefault inside passive event listener invocation. @ http://localhost:5173/node_modules/.vite/deps/react-dom_client.js?v=a6386e9b:2703
[   44112ms] [ERROR] Unable to preventDefault inside passive event listener invocation. @ http://localhost:5173/node_modules/.vite/deps/react-dom_client.js?v=a6386e9b:2703
[   44127ms] [ERROR] Unable to preventDefault inside passive event listener invocation. @ http://localhost:5173/node_modules/.vite/deps/react-dom_client.js?v=a6386e9b:2703
[   44144ms] [ERROR] Unable to preventDefault inside passive event listener invocation. @ http://localhost:5173/node_modules/.vite/deps/react-dom_client.js?v=a6386e9b:2703
[   44161ms] [ERROR] Unable to preventDefault inside passive event listener invocation. @ http://localhost:5173/node_modules/.vite/deps/react-dom_client.js?v=a6386e9b:2703
[   44177ms] [ERROR] Unable to preventDefault inside passive event listener invocation. @ http://localhost:5173/node_modules/.vite/deps/react-dom_client.js?v=a6386e9b:2703
[   44194ms] [ERROR] Unable to preventDefault inside passive event listener invocation. @ http://localhost:5173/node_modules/.vite/deps/react-dom_client.js?v=a6386e9b:2703
[   44211ms] [ERROR] Unable to preventDefault inside passive event listener invocation. @ http://localhost:5173/node_modules/.vite/deps/react-dom_client.js?v=a6386e9b:2703
[   44228ms] [ERROR] Unable to preventDefault inside passive event listener invocation. @ http://localhost:5173/node_modules/.vite/deps/react-dom_client.js?v=a6386e9b:2703
[   44245ms] [ERROR] Unable to preventDefault inside passive event listener invocation. @ http://localhost:5173/node_modules/.vite/deps/react-dom_client.js?v=a6386e9b:2703
[   44261ms] [ERROR] Unable to preventDefault inside passive event listener invocation. @ http://localhost:5173/node_modules/.vite/deps/react-dom_client.js?v=a6386e9b:2703
[   44294ms] [ERROR] Unable to preventDefault inside passive event listener invocation. @ http://localhost:5173/node_modules/.vite/deps/react-dom_client.js?v=a6386e9b:2703
[   44329ms] [ERROR] Unable to preventDefault inside passive event listener invocation. @ http://localhost:5173/node_modules/.vite/deps/react-dom_client.js?v=a6386e9b:2703
[  256347ms] [INFO] %cDownload the React DevTools for a better development experience: https://react.dev/link/react-devtools font-weight:bold @ http://localhost:5173/node_modules/.vite/deps/react-dom_client.js?v=a6386e9b:20102
[  260675ms] [VERBOSE] [DOM] Input elements should have autocomplete attributes (suggested: "username"): (More info: https://goo.gl/9p2vKq) %o @ http://localhost:5173/seller/auth:0
[  375855ms] [INFO] %cDownload the React DevTools for a better development experience: https://react.dev/link/react-devtools font-weight:bold @ http://localhost:5173/node_modules/.vite/deps/react-dom_client.js?v=a6386e9b:20102
[  380107ms] [VERBOSE] [DOM] Input elements should have autocomplete attributes (suggested: "username"): (More info: https://goo.gl/9p2vKq) %o @ http://localhost:5173/seller/auth:0
